// Jest Snapshot v1, https://goo.gl/fbAQLP

exports[`the share section renders correctly 1`] = `
<_
  id="share"
  name="share"
>
  <div
    className="content"
  >
    <h3>
      Share
    </h3>
    <p>
      We envision an ever-growing platform, crowdsourced by people everywhere, helping us show women who somehow have created an impact in our world!
               Until then, you can help us by spreading the word of Wikimina :)
    </p>
    <div
      className="actions"
    >
      <CreatedButton
        description="Inspiring and helping to create representativity so more women become badasses."
        url="https://flama.github.io/ada-lovelace"
        windowHeight={400}
        windowWidth={550}
      >
        Facebook
      </CreatedButton>
      <CreatedButton
        hashtags={
          Array [
            "wikimina",
            "grrlpower",
            "whyhistorymatters",
            "empoweringwomen",
          ]
        }
        title="Wikimina"
        url="https://flama.github.io/ada-lovelace"
        via="studioflama"
        windowHeight={400}
        windowWidth={550}
      >
        Twitter
      </CreatedButton>
    </div>
  </div>
</_>
`;
