// Jest Snapshot v1, https://goo.gl/fbAQLP

exports[`the NavBar renders correctly 1`] = `
<div
  id="navbar"
>
  <a
    className="left"
    href="http://flama.is"
    target="_blank"
  >
    made with ♥ by flama
  </a>
  <div
    className="right"
  >
    <div
      className="nav-burger"
      onClick={[Function]}
    />
    <div
      className="nav-items"
    >
      <_
        className="right"
        duration={500}
        offset={0}
        smooth="easeInOutQuad"
        to="share"
      >
        share
      </_>
      <_
        className="right"
        duration={500}
        offset={0}
        smooth="easeInOutQuad"
        to="about-page"
      >
        about us
      </_>
    </div>
  </div>
</div>
`;
