// Jest Snapshot v1, https://goo.gl/fbAQLP

exports[`Categories renders correctly 1`] = `
<div
  className="categories"
>
  <button
    className="button selected"
    onClick={[Function]}
  >
    All
  </button>
  <button
    className="button"
    id="option1"
    onClick={[Function]}
  >
    option1
  </button>
  <button
    className="button"
    id="option2"
    onClick={[Function]}
  >
    option2
  </button>
  <button
    className="button"
    id="testoption"
    onClick={[Function]}
  >
    testoption
  </button>
</div>
`;
